// Jest Snapshot v1, https://goo.gl/fbAQLP

exports[`<UserForm /> Should render all elements 1`] = `
<Provider
  store={
    Object {
      "clearActions": [Function],
      "dispatch": [Function],
      "getActions": [Function],
      "getState": [Function],
      "replaceReducer": [Function],
      "subscribe": [Function],
    }
  }
>
  <BrowserRouter>
    <Router
      history={
        Object {
          "action": "POP",
          "block": [Function],
          "createHref": [Function],
          "go": [Function],
          "goBack": [Function],
          "goForward": [Function],
          "length": 1,
          "listen": [Function],
          "location": Object {
            "hash": "",
            "pathname": "/",
            "search": "",
            "state": undefined,
          },
          "push": [Function],
          "replace": [Function],
        }
      }
    >
      <Connect(Signup)
        history={
          Object {
            "push": [MockFunction],
          }
        }
      >
        <Signup
          authStatus="failure"
          authenticateUser={[Function]}
          history={
            Object {
              "push": [MockFunction],
            }
          }
          isAdmin={false}
          isLoading={false}
          message=""
        >
          <div>
            <div>
              <div>
                <div>
                  <img
                    alt=""
                    src={Object {}}
                  />
                </div>
                <div
                  id="form"
                >
                  <div>
                    <div>
                      <div>
                        <Link
                          to="/signup"
                        >
                          <a
                            href="/signup"
                            onClick={[Function]}
                          >
                            Sign Up
                          </a>
                        </Link>
                      </div>
                      <div>
                        <Link
                          to="/login"
                        >
                          <a
                            href="/login"
                            onClick={[Function]}
                          >
                            Log In
                          </a>
                        </Link>
                      </div>
                    </div>
                    <form
                      onSubmit={[Function]}
                    >
                      <div>
                        <label
                          htmlFor="name"
                        >
                          LAST NAME
                        </label>
                        <input
                          id="last-name"
                          name="lastName"
                          onBlur={[Function]}
                          placeholder="Enter your last name"
                          type="text"
                        />
                      </div>
                      <div>
                        <label
                          htmlFor="name"
                        >
                          FIRST NAME
                        </label>
                        <input
                          id="first-name"
                          name="firstName"
                          onBlur={[Function]}
                          placeholder="Enter your full name"
                          type="text"
                        />
                      </div>
                      <div>
                        <label
                          htmlFor="email"
                        >
                          EMAIL
                        </label>
                        <input
                          id="email"
                          name="email"
                          onBlur={[Function]}
                          placeholder="Enter your email address"
                          type="email"
                        />
                      </div>
                      <div>
                        <label
                          htmlFor="password"
                        >
                          PASSWORD
                        </label>
                        <input
                          id="password"
                          name="password"
                          onBlur={[Function]}
                          placeholder="******"
                          type="password"
                        />
                      </div>
                      <div>
                        <label
                          htmlFor="confirm password"
                        >
                          CONFIRM PASSWORD
                        </label>
                        <input
                          id="confirm-password"
                          name="confirmPassword"
                          onBlur={[Function]}
                          placeholder="******"
                          type="password"
                        />
                      </div>
                      <div
                        className="btn-div"
                      >
                        <button
                          id="signup-btn"
                          type="submit"
                        >
                          Submit
                        </button>
                      </div>
                    </form>
                  </div>
                </div>
              </div>
            </div>
          </div>
        </Signup>
      </Connect(Signup)>
    </Router>
  </BrowserRouter>
</Provider>
`;
